// Vitest Snapshot v1, https://vitest.dev/guide/snapshot.html

exports[`shell renderer > matches prompt render snapshots across widths with multiline/newline input 1`] = `
[
  "  > short prompt



                                                                                  > short prompt",
  "  > first paragraph line one
    second paragraph line two with additional words


                                                                                    second paragraph line two with additional words",
  "  > This is a long prompt designed to wrap multiple times inside the frame and
    preserve stable formatting.


                                                                                    preserve stable formatting.",
]
`;
